[    0.000000] Initializing cgroup subsys cpuset
[    0.000000] Initializing cgroup subsys cpu
[    0.000000] Initializing cgroup subsys cpuacct
[    0.000000] Linux version 4.4.0-201-generic (buildd@lgw01-amd64-044) (gcc version 5.4.0 20160609 (Ubuntu 5.4.0-6ubuntu1~16.04.12) ) #233-Ubuntu SMP Thu Jan 14 06:10:28 UTC 2021 (Ubuntu 4.4.0-201.233-generic 4.4.247)
[    0.000000] Command line: BOOT_IMAGE=/boot/vmlinuz-4.4.0-201-generic root=LABEL=cloudimg-rootfs ro console=tty1 console=ttyS0
[    0.000000] KERNEL supported cpus:
[    0.000000]   Intel GenuineIntel
[    0.000000]   AMD AuthenticAMD
[    0.000000]   Centaur CentaurHauls
[    0.000000] x86/fpu: xstate_offset[2]:  576, xstate_sizes[2]:  256
[    0.000000] x86/fpu: Supporting XSAVE feature 0x01: 'x87 floating point registers'
[    0.000000] x86/fpu: Supporting XSAVE feature 0x02: 'SSE registers'
[    0.000000] x86/fpu: Supporting XSAVE feature 0x04: 'AVX registers'
[    0.000000] x86/fpu: Enabled xstate features 0x7, context size is 832 bytes, using 'standard' format.
[    0.000000] e820: BIOS-provided physical RAM map:
[    0.000000] BIOS-e820: [mem 0x0000000000000000-0x000000000009fbff] usable
[    0.000000] BIOS-e820: [mem 0x000000000009fc00-0x000000000009ffff] reserved
[    0.000000] BIOS-e820: [mem 0x00000000000f0000-0x00000000000fffff] reserved
[    0.000000] BIOS-e820: [mem 0x0000000000100000-0x000000007ffeffff] usable
[    0.000000] BIOS-e820: [mem 0x000000007fff0000-0x000000007fffffff] ACPI data
[    0.000000] BIOS-e820: [mem 0x00000000fec00000-0x00000000fec00fff] reserved
[    0.000000] BIOS-e820: [mem 0x00000000fee00000-0x00000000fee00fff] reserved
[    0.000000] BIOS-e820: [mem 0x00000000fffc0000-0x00000000ffffffff] reserved
[    0.000000] NX (Execute Disable) protection: active
[    0.000000] SMBIOS 2.5 present.
[    0.000000] Hypervisor detected: KVM
[    0.000000] e820: last_pfn = 0x7fff0 max_arch_pfn = 0x400000000
[    0.000000] MTRR: Disabled
[    0.000000] x86/PAT: MTRRs disabled, skipping PAT initialization too.
[    0.000000] CPU MTRRs all blank - virtualized system.
[    0.000000] x86/PAT: Configuration [0-7]: WB  WT  UC- UC  WB  WT  UC- UC  
[    0.000000] found SMP MP-table at [mem 0x0009fff0-0x0009ffff] mapped at [ffff88000009fff0]
[    0.000000] Scanning 1 areas for low memory corruption
[    0.000000] RAMDISK: [mem 0x362dc000-0x37165fff]
[    0.000000] ACPI: Early table checksum verification disabled
[    0.000000] ACPI: RSDP 0x00000000000E0000 000024 (v02 VBOX  )
[    0.000000] ACPI: XSDT 0x000000007FFF0030 00003C (v01 VBOX   VBOXXSDT 00000001 ASL  00000061)
[    0.000000] ACPI: FACP 0x000000007FFF00F0 0000F4 (v04 VBOX   VBOXFACP 00000001 ASL  00000061)
[    0.000000] ACPI: DSDT 0x000000007FFF0470 002325 (v02 VBOX   VBOXBIOS 00000002 INTL 20100528)
[    0.000000] ACPI: FACS 0x000000007FFF0200 000040
[    0.000000] ACPI: FACS 0x000000007FFF0200 000040
[    0.000000] ACPI: APIC 0x000000007FFF0240 000054 (v02 VBOX   VBOXAPIC 00000001 ASL  00000061)
[    0.000000] ACPI: SSDT 0x000000007FFF02A0 0001CC (v01 VBOX   VBOXCPUT 00000002 INTL 20100528)
[    0.000000] No NUMA configuration found
[    0.000000] Faking a node at [mem 0x0000000000000000-0x000000007ffeffff]
[    0.000000] NODE_DATA(0) allocated [mem 0x7ffeb000-0x7ffeffff]
[    0.000000] kvm-clock: Using msrs 4b564d01 and 4b564d00
[    0.000000] kvm-clock: cpu 0, msr 0:7ffe3001, primary cpu clock
[    0.000000] kvm-clock: using sched offset of 5348615774 cycles
[    0.000000] clocksource: kvm-clock: mask: 0xffffffffffffffff max_cycles: 0x1cd42e4dffb, max_idle_ns: 881590591483 ns
[    0.000000] Zone ranges:
[    0.000000]   DMA      [mem 0x0000000000001000-0x0000000000ffffff]
[    0.000000]   DMA32    [mem 0x0000000001000000-0x000000007ffeffff]
[    0.000000]   Normal   empty
[    0.000000]   Device   empty
[    0.000000] Movable zone start for each node
[    0.000000] Early memory node ranges
[    0.000000]   node   0: [mem 0x0000000000001000-0x000000000009efff]
[    0.000000]   node   0: [mem 0x0000000000100000-0x000000007ffeffff]
[    0.000000] Initmem setup node 0 [mem 0x0000000000001000-0x000000007ffeffff]
[    0.000000] ACPI: PM-Timer IO Port: 0x4008
[    0.000000] IOAPIC[0]: apic_id 1, version 32, address 0xfec00000, GSI 0-23
[    0.000000] ACPI: INT_SRC_OVR (bus 0 bus_irq 0 global_irq 2 dfl dfl)
[    0.000000] ACPI: INT_SRC_OVR (bus 0 bus_irq 9 global_irq 9 low level)
[    0.000000] Using ACPI (MADT) for SMP configuration information
[    0.000000] smpboot: Allowing 1 CPUs, 0 hotplug CPUs
[    0.000000] PM: Registered nosave memory: [mem 0x00000000-0x00000fff]
[    0.000000] PM: Registered nosave memory: [mem 0x0009f000-0x0009ffff]
[    0.000000] PM: Registered nosave memory: [mem 0x000a0000-0x000effff]
[    0.000000] PM: Registered nosave memory: [mem 0x000f0000-0x000fffff]
[    0.000000] e820: [mem 0x80000000-0xfebfffff] available for PCI devices
[    0.000000] Booting paravirtualized kernel on KVM
[    0.000000] clocksource: refined-jiffies: mask: 0xffffffff max_cycles: 0xffffffff, max_idle_ns: 7645519600211568 ns
[    0.000000] setup_percpu: NR_CPUS:512 nr_cpumask_bits:512 nr_cpu_ids:1 nr_node_ids:1
[    0.000000] PERCPU: Embedded 33 pages/cpu @ffff88007fc00000 s95640 r8192 d31336 u2097152
[    0.000000] Built 1 zonelists in Node order, mobility grouping on.  Total pages: 515960
[    0.000000] Policy zone: DMA32
[    0.000000] Kernel command line: BOOT_IMAGE=/boot/vmlinuz-4.4.0-201-generic root=LABEL=cloudimg-rootfs ro console=tty1 console=ttyS0
[    0.000000] PID hash table entries: 4096 (order: 3, 32768 bytes)
[    0.000000] Memory: 2029980K/2096696K available (8641K kernel code, 1337K rwdata, 4044K rodata, 1492K init, 1296K bss, 66716K reserved, 0K cma-reserved)
[    0.000000] SLUB: HWalign=64, Order=0-3, MinObjects=0, CPUs=1, Nodes=1
[    0.000000] Kernel/User page tables isolation: enabled
[    0.000000] Hierarchical RCU implementation.
[    0.000000] 	Build-time adjustment of leaf fanout to 64.
[    0.000000] 	RCU restricting CPUs from NR_CPUS=512 to nr_cpu_ids=1.
[    0.000000] RCU: Adjusting geometry for rcu_fanout_leaf=64, nr_cpu_ids=1
[    0.000000] NR_IRQS:33024 nr_irqs:256 16
[    0.000000] Console: colour VGA+ 80x25
[    0.000000] console [tty1] enabled
[    0.000000] console [ttyS0] enabled
[    0.000000] tsc: Detected 1995.383 MHz processor
[    0.597838] Calibrating delay loop (skipped) preset value.. 3990.76 BogoMIPS (lpj=7981532)
[    0.603805] pid_max: default: 32768 minimum: 301
[    0.606671] ACPI: Core revision 20150930
[    0.616085] ACPI: 2 ACPI AML tables successfully acquired and loaded
[    0.620411] Security Framework initialized
[    0.622993] Yama: becoming mindful.
[    0.625360] AppArmor: AppArmor initialized
[    0.634818] Dentry cache hash table entries: 262144 (order: 9, 2097152 bytes)
[    0.641055] Inode-cache hash table entries: 131072 (order: 8, 1048576 bytes)
[    0.652672] Mount-cache hash table entries: 4096 (order: 3, 32768 bytes)
[    0.656889] Mountpoint-cache hash table entries: 4096 (order: 3, 32768 bytes)
[    0.661354] Initializing cgroup subsys io
[    0.664797] Initializing cgroup subsys memory
[    0.667672] Initializing cgroup subsys devices
[    0.670303] Initializing cgroup subsys freezer
[    0.673093] Initializing cgroup subsys net_cls
[    0.676130] Initializing cgroup subsys perf_event
[    0.680433] Initializing cgroup subsys net_prio
[    0.685985] Initializing cgroup subsys hugetlb
[    0.692013] Initializing cgroup subsys pids
[    0.700065] mce: CPU supports 0 MCE banks
[    0.703722] process: using mwait in idle threads
[    0.707232] Last level iTLB entries: 4KB 64, 2MB 8, 4MB 8
[    0.710359] Last level dTLB entries: 4KB 64, 2MB 0, 4MB 0, 1GB 4
[    0.714631] Spectre V1 : Mitigation: usercopy/swapgs barriers and __user pointer sanitization
[    0.719702] Spectre V2 : Mitigation: Full generic retpoline
[    0.723106] Spectre V2 : Spectre v2 / SpectreRSB mitigation: Filling RSB on context switch
[    0.729228] Speculative Store Bypass: Vulnerable
[    0.732475] SRBDS: Unknown: Dependent on hypervisor status
[    0.736326] MDS: Vulnerable: Clear CPU buffers attempted, no microcode
[    0.817364] Freeing SMP alternatives memory: 36K
[    0.840533] ftrace: allocating 32361 entries in 127 pages
[    1.070690] smpboot: APIC(0) Converting physical 0 to logical package 0
[    1.075117] smpboot: Max logical packages: 1
[    1.079901] x2apic enabled
[    1.083267] Switched APIC routing to physical x2apic.
[    1.090071] ..TIMER: vector=0x30 apic1=0 pin1=2 apic2=-1 pin2=-1
[    1.202128] smpboot: CPU0: Intel(R) Core(TM) i3-5005U CPU @ 2.00GHz (family: 0x6, model: 0x3d, stepping: 0x4)
[    1.208478] Performance Events: unsupported p6 CPU model 61 no PMU driver, software events only.
[    1.244503] KVM setup paravirtual spinlock
[    1.248941] x86: Booted up 1 node, 1 CPUs
[    1.252016] smpboot: Total of 1 processors activated (3990.76 BogoMIPS)
[    1.263853] devtmpfs: initialized
[    1.288474] evm: security.selinux
[    1.291010] evm: security.SMACK64
[    1.293421] evm: security.SMACK64EXEC
[    1.295942] evm: security.SMACK64TRANSMUTE
[    1.298729] evm: security.SMACK64MMAP
[    1.301392] evm: security.ima
[    1.303641] evm: security.capability
[    1.306522] clocksource: jiffies: mask: 0xffffffff max_cycles: 0xffffffff, max_idle_ns: 7645041785100000 ns
[    1.313083] futex hash table entries: 256 (order: 2, 16384 bytes)
[    1.316963] pinctrl core: initialized pinctrl subsystem
[    1.320652] RTC time: 14:39:37, date: 01/31/21
[    1.323943] NET: Registered protocol family 16
[    1.327571] cpuidle: using governor ladder
[    1.330550] cpuidle: using governor menu
[    1.333175] PCCT header not found.
[    1.336273] ACPI: bus type PCI registered
[    1.339236] acpiphp: ACPI Hot Plug PCI Controller Driver version: 0.5
[    1.343547] PCI: Using configuration type 1 for base access
[    1.351352] ACPI: Added _OSI(Module Device)
[    1.354311] ACPI: Added _OSI(Processor Device)
[    1.357224] ACPI: Added _OSI(3.0 _SCP Extensions)
[    1.360219] ACPI: Added _OSI(Processor Aggregator Device)
[    1.366245] ACPI: Executed 1 blocks of module-level executable AML code
[    1.380464] ACPI: Interpreter enabled
[    1.382984] ACPI: (supports S0 S5)
[    1.386647] ACPI: Using IOAPIC for interrupt routing
[    1.390369] PCI: Using host bridge windows from ACPI; if necessary, use "pci=nocrs" and report a bug
[    1.413130] ACPI: PCI Root Bridge [PCI0] (domain 0000 [bus 00-ff])
[    1.417650] acpi PNP0A03:00: _OSC: OS supports [ASPM ClockPM Segments MSI]
[    1.422916] acpi PNP0A03:00: _OSC: not requesting OS control; OS requires [ExtendedConfig ASPM ClockPM MSI]
[    1.429091] acpi PNP0A03:00: fail to add MMCONFIG information, can't access extended PCI configuration space under this bridge.
[    1.437304] PCI host bridge to bus 0000:00
[    1.440011] pci_bus 0000:00: root bus resource [io  0x0000-0x0cf7 window]
[    1.444354] pci_bus 0000:00: root bus resource [io  0x0d00-0xffff window]
[    1.449120] pci_bus 0000:00: root bus resource [mem 0x000a0000-0x000bffff window]
[    1.454477] pci_bus 0000:00: root bus resource [mem 0x80000000-0xfdffffff window]
[    1.459666] pci_bus 0000:00: root bus resource [bus 00-ff]
[    1.468241] pci 0000:00:01.1: legacy IDE quirk: reg 0x10: [io  0x01f0-0x01f7]
[    1.472814] pci 0000:00:01.1: legacy IDE quirk: reg 0x14: [io  0x03f6]
[    1.476750] pci 0000:00:01.1: legacy IDE quirk: reg 0x18: [io  0x0170-0x0177]
[    1.481299] pci 0000:00:01.1: legacy IDE quirk: reg 0x1c: [io  0x0376]
[    1.568008] pci 0000:00:07.0: quirk: [io  0x4000-0x403f] claimed by PIIX4 ACPI
[    1.573240] pci 0000:00:07.0: quirk: [io  0x4100-0x410f] claimed by PIIX4 SMB
[    1.610058] ACPI: PCI Interrupt Link [LNKA] (IRQs 5 9 10 *11)
[    1.616434] ACPI: PCI Interrupt Link [LNKB] (IRQs 5 9 *10 11)
[    1.621651] ACPI: PCI Interrupt Link [LNKC] (IRQs 5 *9 10 11)
[    1.626204] ACPI: PCI Interrupt Link [LNKD] (IRQs 5 9 10 *11)
[    1.631761] ACPI: Enabled 2 GPEs in block 00 to 07
[    1.635749] vgaarb: setting as boot device: PCI:0000:00:02.0
[    1.639116] vgaarb: device added: PCI:0000:00:02.0,decodes=io+mem,owns=io+mem,locks=none
[    1.650539] vgaarb: loaded
[    1.658807] vgaarb: bridge control possible 0000:00:02.0
[    1.663646] SCSI subsystem initialized
[    1.666295] ACPI: bus type USB registered
[    1.669037] usbcore: registered new interface driver usbfs
[    1.672909] usbcore: registered new interface driver hub
[    1.676115] usbcore: registered new device driver usb
[    1.681120] PCI: Using ACPI for IRQ routing
[    1.687670] NetLabel: Initializing
[    1.692013] NetLabel:  domain hash size = 128
[    1.697935] NetLabel:  protocols = UNLABELED CIPSOv4
[    1.702057] NetLabel:  unlabeled traffic allowed by default
[    1.706648] amd_nb: Cannot enumerate AMD northbridges
[    1.709688] clocksource: Switched to clocksource kvm-clock
[    1.753263] AppArmor: AppArmor Filesystem Enabled
[    1.756204] pnp: PnP ACPI init
[    1.762119] pnp: PnP ACPI: found 3 devices
[    1.774183] clocksource: acpi_pm: mask: 0xffffff max_cycles: 0xffffff, max_idle_ns: 2085701024 ns
[    1.779763] NET: Registered protocol family 2
[    1.783390] TCP established hash table entries: 16384 (order: 5, 131072 bytes)
[    1.789851] TCP bind hash table entries: 16384 (order: 6, 262144 bytes)
[    1.800914] TCP: Hash tables configured (established 16384 bind 16384)
[    1.805051] UDP hash table entries: 1024 (order: 3, 32768 bytes)
[    1.808424] UDP-Lite hash table entries: 1024 (order: 3, 32768 bytes)
[    1.812846] NET: Registered protocol family 1
[    1.815742] pci 0000:00:00.0: Limiting direct PCI/PCI transfers
[    1.819350] pci 0000:00:01.0: Activating ISA DMA hang workarounds
[    1.824562] Unpacking initramfs...
[    2.739259] Freeing initrd memory: 14888K
[    2.745346] RAPL PMU detected, API unit is 2^-32 Joules, 4 fixed counters 10737418240 ms ovfl timer
[    2.753515] hw unit of domain pp0-core 2^-0 Joules
[    2.756526] hw unit of domain package 2^-0 Joules
[    2.759382] hw unit of domain dram 2^-0 Joules
[    2.762555] hw unit of domain pp1-gpu 2^-0 Joules
[    2.766108] clocksource: tsc: mask: 0xffffffffffffffff max_cycles: 0x398649fe205, max_idle_ns: 881590824548 ns
[    2.773291] platform rtc_cmos: registered platform RTC device (no PNP device found)
[    2.778337] Scanning for low memory corruption every 60 seconds
[    2.791347] audit: initializing netlink subsys (disabled)
[    2.795713] audit: type=2000 audit(1612103985.560:1): initialized
[    2.800659] Initialise system trusted keyring
[    2.804103] HugeTLB registered 2 MB page size, pre-allocated 0 pages
[    2.812399] zbud: loaded
[    2.815244] VFS: Disk quotas dquot_6.6.0
[    2.818208] VFS: Dquot-cache hash table entries: 512 (order 0, 4096 bytes)
[    2.822963] squashfs: version 4.0 (2009/01/31) Phillip Lougher
[    2.827176] fuse init (API version 7.23)
[    2.830610] Key type big_key registered
[    2.833144] Allocating IMA MOK and blacklist keyrings.
[    2.837319] Key type asymmetric registered
[    2.840159] Asymmetric key parser 'x509' registered
[    2.843299] Block layer SCSI generic (bsg) driver version 0.4 loaded (major 249)
[    2.850183] io scheduler noop registered
[    2.852828] io scheduler deadline registered (default)
[    2.855959] io scheduler cfq registered
[    2.858924] pci_hotplug: PCI Hot Plug PCI Core version: 0.5
[    2.862841] pciehp: PCI Express Hot Plug Controller Driver version: 0.4
[    2.867094] ACPI: AC Adapter [AC] (on-line)
[    2.870545] input: Power Button as /devices/LNXSYSTM:00/LNXPWRBN:00/input/input0
[    2.875286] ACPI: Power Button [PWRF]
[    2.878134] input: Sleep Button as /devices/LNXSYSTM:00/LNXSLPBN:00/input/input1
[    2.884474] ACPI: Sleep Button [SLPF]
[    2.889208] ACPI: Battery Slot [BAT0] (battery present)
[    2.892983] GHES: HEST is not enabled!
[    2.896213] Serial: 8250/16550 driver, 32 ports, IRQ sharing enabled
[    2.922836] 00:02: ttyS0 at I/O 0x3f8 (irq = 4, base_baud = 115200) is a 16550A
[    2.931636] Linux agpgart interface v0.103
[    2.944073] loop: module loaded
[    2.948829] scsi host0: ata_piix
[    2.952057] scsi host1: ata_piix
[    2.954348] ata1: PATA max UDMA/33 cmd 0x1f0 ctl 0x3f6 bmdma 0xd000 irq 14
[    2.958390] ata2: PATA max UDMA/33 cmd 0x170 ctl 0x376 bmdma 0xd008 irq 15
[    2.963851] libphy: Fixed MDIO Bus: probed
[    2.966439] tun: Universal TUN/TAP device driver, 1.6
[    2.969592] tun: (C) 1999-2004 Max Krasnyansky <maxk@qualcomm.com>
[    2.973518] PPP generic driver version 2.4.2
[    2.976663] ehci_hcd: USB 2.0 'Enhanced' Host Controller (EHCI) Driver
[    2.980764] ehci-pci: EHCI PCI platform driver
[    2.983496] ehci-platform: EHCI generic platform driver
[    2.986749] ohci_hcd: USB 1.1 'Open' Host Controller (OHCI) Driver
[    2.990994] ohci-pci: OHCI PCI platform driver
[    2.993615] ohci-platform: OHCI generic platform driver
[    2.996684] uhci_hcd: USB Universal Host Controller Interface driver
[    3.001094] i8042: PNP: PS/2 Controller [PNP0303:PS2K,PNP0f03:PS2M] at 0x60,0x64 irq 1,12
[    3.008003] serio: i8042 KBD port at 0x60,0x64 irq 1
[    3.011632] serio: i8042 AUX port at 0x60,0x64 irq 12
[    3.015600] mousedev: PS/2 mouse device common for all mice
[    3.019500] input: AT Translated Set 2 keyboard as /devices/platform/i8042/serio0/input/input2
[    3.026130] rtc_cmos rtc_cmos: rtc core: registered rtc_cmos as rtc0
[    3.031270] rtc_cmos rtc_cmos: alarms up to one day, 114 bytes nvram
[    3.035602] i2c /dev entries driver
[    3.040058] device-mapper: uevent: version 1.0.3
[    3.045538] device-mapper: ioctl: 4.34.0-ioctl (2015-10-28) initialised: dm-devel@redhat.com
[    3.051350] ledtrig-cpu: registered to indicate activity on CPUs
[    3.055803] NET: Registered protocol family 10
[    3.058935] NET: Registered protocol family 17
[    3.063239] Key type dns_resolver registered
[    3.066641] registered taskstats version 1
[    3.069242] Loading compiled-in X.509 certificates
[    3.074505] Loaded X.509 cert 'Build time autogenerated kernel key: 9e5e2330314f2a00b0409bdb338e201244d5149f'
[    3.080259] zswap: loaded using pool lzo/zbud
[    3.087438] Key type trusted registered
[    3.098454] Key type encrypted registered
[    3.101134] AppArmor: AppArmor sha1 policy hashing enabled
[    3.105042] ima: No TPM chip found, activating TPM-bypass!
[    3.108447] ima: Allocated hash algorithm: sha1
[    3.112210] evm: HMAC attrs: 0x1
[    3.116335]   Magic number: 5:915:688
[    3.149666] rtc_cmos rtc_cmos: setting system clock to 2021-01-31 14:39:39 UTC (1612103979)
[    3.155568] BIOS EDD facility v0.16 2004-Jun-25, 0 devices found
[    3.158984] EDD information not available.
[    3.169948] Freeing unused kernel memory: 1492K
[    3.173005] Write protecting the kernel read-only data: 14336k
[    3.178233] Freeing unused kernel memory: 1588K
[    3.183097] Freeing unused kernel memory: 52K
Loading, please wait...
starting version 229
[    3.221189] random: udevadm: uninitialized urandom read (16 bytes read, 5 bits of entropy available)
[    3.229026] random: systemd-udevd: uninitialized urandom read (16 bytes read, 5 bits of entropy available)
[    3.235739] random: systemd-udevd: uninitialized urandom read (16 bytes read, 5 bits of entropy available)
[    3.241747] random: udevadm: uninitialized urandom read (16 bytes read, 5 bits of entropy available)
[    3.248731] random: systemd-udevd: uninitialized urandom read (16 bytes read, 5 bits of entropy available)
[    3.258115] random: systemd-udevd: uninitialized urandom read (16 bytes read, 5 bits of entropy available)
[    3.285278] random: systemd-udevd: uninitialized urandom read (16 bytes read, 5 bits of entropy available)
[    3.298160] random: systemd-udevd: uninitialized urandom read (16 bytes read, 5 bits of entropy available)
[    3.311026] random: udevadm: uninitialized urandom read (16 bytes read, 5 bits of entropy available)
[    3.318098] random: systemd-udevd: uninitialized urandom read (16 bytes read, 5 bits of entropy available)
[    3.586459] e1000: Intel(R) PRO/1000 Network Driver - version 7.3.21-k8-NAPI
[    3.590739] e1000: Copyright (c) 1999-2006 Intel Corporation.
[    3.605819] Fusion MPT base driver 3.04.20
[    3.608710] Copyright (c) 1999-2008 LSI Corporation
[    3.701557] Fusion MPT SPI Host driver 3.04.20
[    3.832316] AVX2 version of gcm_enc/dec engaged.
[    3.837032] AES CTR mode by8 optimization enabled
[    3.866458] input: ImExPS/2 Generic Explorer Mouse as /devices/platform/i8042/serio1/input/input4
[    4.463766] e1000 0000:00:03.0 eth0: (PCI:33MHz:32-bit) 02:ee:09:05:8f:3e
[    4.467428] e1000 0000:00:03.0 eth0: Intel(R) PRO/1000 Network Connection
[    4.474016] mptbase: ioc0: Initiating bringup
[    4.538822] ioc0: LSI53C1030 A0: Capabilities={Initiator}
[    4.712015] scsi host2: ioc0: LSI53C1030 A0, FwRev=00000000h, Ports=1, MaxQ=256, IRQ=20
[    4.834747] scsi 2:0:0:0: Direct-Access     VBOX     HARDDISK         1.0  PQ: 0 ANSI: 5
[    4.845053] scsi target2:0:0: Beginning Domain Validation
[    4.856476] scsi target2:0:0: Domain Validation skipping write tests
[    4.861726] scsi target2:0:0: Ending Domain Validation
[    4.865029] scsi target2:0:0: asynchronous
[    4.939538] scsi 2:0:1:0: Direct-Access     VBOX     HARDDISK         1.0  PQ: 0 ANSI: 5
[    4.952593] scsi target2:0:1: Beginning Domain Validation
[    5.032065] scsi target2:0:1: Domain Validation skipping write tests
[    5.036097] scsi target2:0:1: Ending Domain Validation
[    5.052064] scsi target2:0:1: asynchronous
[    5.198168] sd 2:0:0:0: Attached scsi generic sg0 type 0
[    5.202071] sd 2:0:0:0: [sda] 83886080 512-byte logical blocks: (42.9 GB/40.0 GiB)
[    5.215565] sd 2:0:1:0: [sdb] 20480 512-byte logical blocks: (10.5 MB/10.0 MiB)
[    5.220595] sd 2:0:1:0: Attached scsi generic sg1 type 0
[    5.224635] sd 2:0:0:0: [sda] Write Protect is off
[    5.228112] sd 2:0:1:0: [sdb] Write Protect is off
[    5.240006] sd 2:0:1:0: [sdb] Incomplete mode parameter data
[    5.243495] sd 2:0:1:0: [sdb] Assuming drive cache: write through
[    5.247633] sd 2:0:0:0: [sda] Incomplete mode parameter data
[    5.251001] sd 2:0:0:0: [sda] Assuming drive cache: write through
[    5.263087]  sda: sda1
[    5.268827] sd 2:0:0:0: [sda] Attached SCSI disk
[    5.272377] sd 2:0:1:0: [sdb] Attached SCSI disk
[    5.544183] e1000 0000:00:08.0 eth1: (PCI:33MHz:32-bit) 08:00:27:b0:40:09
[    5.548166] e1000 0000:00:08.0 eth1: Intel(R) PRO/1000 Network Connection
[    5.555080] e1000 0000:00:08.0 enp0s8: renamed from eth1
[    5.563405] e1000 0000:00:03.0 enp0s3: renamed from eth0
Begin: Loading essential drivers ... [    8.296801] md: linear personality registered for level -1
[    8.309772] md: multipath personality registered for level -4
[    8.323698] md: raid0 personality registered for level 0
[    8.340729] md: raid1 personality registered for level 1
[    8.433780] raid6: sse2x1   gen()  1241 MB/s
[    8.502093] raid6: sse2x1   xor()   902 MB/s
[    8.569758] raid6: sse2x2   gen()  1825 MB/s
[    8.638268] raid6: sse2x2   xor()  1371 MB/s
[    8.706577] raid6: sse2x4   gen()  3267 MB/s
[    8.778054] raid6: sse2x4   xor()  1946 MB/s
[    8.853395] raid6: avx2x1   gen()  2708 MB/s
[    8.954114] raid6: avx2x2   gen()  1237 MB/s
[    9.021908] raid6: avx2x4   gen()  2256 MB/s
[    9.032588] raid6: using algorithm sse2x4 gen() 3267 MB/s
[    9.052750] raid6: .... xor() 1946 MB/s, rmw enabled
[    9.058621] raid6: using avx2x2 recovery algorithm
[    9.073719] xor: automatically using best checksumming function:
[    9.141878]    avx       :  6717.000 MB/sec
[    9.157103] async_tx: api initialized (async)
[    9.253555] md: raid6 personality registered for level 6
[    9.266454] md: raid5 personality registered for level 5
[    9.276508] md: raid4 personality registered for level 4
[    9.329806] md: raid10 personality registered for level 10
done.
Begin: Running /scripts/init-premount ... done.
Begin: Mounting root file system ... Begin: Running /scripts/local-top ... done.
Begin: Running /scripts/local-premount ... [    9.493595] Btrfs loaded
Scanning for Btrfs filesystems
done.
Warning: fsck not present, so skipping root file system
[    9.617185] EXT4-fs (sda1): mounted filesystem with ordered data mode. Opts: (null)
done.
Begin: Running /scripts/local-bottom ... done.
Begin: Running /scripts/init-bottom ... done.
[    9.955699] systemd[1]: systemd 229 running in system mode. (+PAM +AUDIT +SELINUX +IMA +APPARMOR +SMACK +SYSVINIT +UTMP +LIBCRYPTSETUP +GCRYPT +GNUTLS +ACL +XZ -LZ4 +SECCOMP +BLKID +ELFUTILS +KMOD -IDN)
[    9.967226] systemd[1]: Detected virtualization oracle.
[    9.974362] systemd[1]: Detected architecture x86-64.

Welcome to [1mUbuntu 16.04.7 LTS[0m!

[    9.985204] systemd[1]: Set hostname to <ubuntu>.
[    9.993277] systemd[1]: Initializing machine ID from random generator.
[    9.997304] systemd[1]: Installed transient /etc/machine-id file.
[   10.208489] random: nonblocking pool is initialized
[   10.413011] systemd[1]: Listening on Journal Socket (/dev/log).
[[0;32m  OK  [0m] Listening on Journal Socket (/dev/log).
[   10.422825] systemd[1]: Listening on Journal Audit Socket.
[[0;32m  OK  [0m] Listening on Journal Audit Socket.
[   10.433599] systemd[1]: Created slice User and Session Slice.
[[0;32m  OK  [0m] Created slice User and Session Slice.
[   10.441582] systemd[1]: Listening on /dev/initctl Compatibility Named Pipe.
[[0;32m  OK  [0m] Listening on /dev/initctl Compatibility Named Pipe.
[   10.450605] systemd[1]: Listening on udev Kernel Socket.
[[0;32m  OK  [0m] Listening on udev Kernel Socket.
[   10.457049] systemd[1]: Listening on Syslog Socket.
[[0;32m  OK  [0m] Listening on Syslog Socket.
[   10.465197] systemd[1]: Reached target System Time Synchronized.
[[0;32m  OK  [0m] Reached target System Time Synchronized.
[   10.473465] systemd[1]: Created slice System Slice.
[[0;32m  OK  [0m] Created slice System Slice.
[   10.482189] systemd[1]: Listening on Journal Socket.
[[0;32m  OK  [0m] Listening on Journal Socket.
[   10.498474] systemd[1]: Starting Nameserver information manager...
         Starting Nameserver information manager...
[   10.523976] systemd[1]: Mounting Debug File System...
         Mounting Debug File System...
[   10.541719] systemd[1]: Starting Journal Service...
         Starting Journal Service...
[   10.596711] systemd[1]: Starting Remount Root and Kernel File Systems...
         Starting Remount Root and Kernel File Systems...
[   10.644031] systemd[1]: Starting Set console keymap...
[   10.651127] EXT4-fs (sda1): re-mounted. Opts: (null)
         Starting Set console keymap...
[   10.672504] systemd[1]: Reached target Encrypted Volumes.
[[0;32m  OK  [0m] Reached target Encrypted Volumes.
[   10.730870] systemd[1]: Started Trigger resolvconf update for networkd DNS.
[[0;32m  OK  [0m] Started Trigger resolvconf update for networkd DNS.
[   10.764929] systemd[1]: Starting Uncomplicated firewall...
         Starting Uncomplicated firewall...
[   10.795448] systemd[1]: Listening on LVM2 poll daemon socket.
[[0;32m  OK  [0m] Listening on LVM2 poll daemon socket.
[   10.823661] systemd[1]: Mounting POSIX Message Queue File System...
         Mounting POSIX Message Queue File System...
[   10.861593] systemd[1]: Starting Create list of required static device nodes for the current kernel...
         Starting Create list of required st... nodes for the current kernel...
[   10.906091] systemd[1]: Listening on Device-mapper event daemon FIFOs.
[[0;32m  OK  [0m] Listening on Device-mapper event daemon FIFOs.
[   10.931971] systemd[1]: Started Forward Password Requests to Wall Directory Watch.
[[0;32m  OK  [0m] Started Forward Password Requests to Wall Directory Watch.
[   10.958443] systemd[1]: Set up automount Arbitrary Executable File Formats File System Automount Point.
[[0;32m  OK  [0m] Set up automount Arbitrary Executab...ats File System Automount Point.
[   10.989114] systemd[1]: Created slice system-serial\x2dgetty.slice.
[[0;32m  OK  [0m] Created slice system-serial\x2dgetty.slice.
[   11.010748] systemd[1]: Reached target Slices.
[[0;32m  OK  [0m] Reached target Slices.
[   11.022518] systemd[1]: Reached target Swap.
[[0;32m  OK  [0m] Reached target Swap.
[   11.038705] systemd[1]: Reached target User and Group Name Lookups.
[[0;32m  OK  [0m] Reached target User and Group Name Lookups.
[   11.069456] systemd[1]: Mounting Huge Pages File System...
         Mounting Huge Pages File System...
[   11.118462] systemd[1]: Starting Load Kernel Modules...
         Starting Load Kernel Modules...
[   11.182401] systemd[1]: Listening on udev Control Socket.
[[0;32m  OK  [0m] Listening on udev Control Socket.
[   11.207855] systemd[1]: Listening on LVM2 metadata daemon socket.
[[0;32m  OK  [0m] Listening on LVM2 metadata daemon socket.
[   11.245151] systemd[1]: Starting Monitoring of LVM2 mirrors, snapshots etc. using dmeventd or progress polling...
         Starting Monitoring of LVM2 mirrors... dmeventd or progress polling...
[   11.304710] systemd[1]: Mounted Huge Pages File System.
[[0;32m  OK  [0m] Mounted Huge Pages File System.
[   11.334176] systemd[1]: Mounted POSIX Message Queue File System.
[   11.356041] Loading iSCSI transport class v2.0-870.
[[0;32m  OK  [0m] Mounted POSIX Message Queue File System.
[   11.419585] systemd[1]: Mounted Debug File System.
[[0;32m  OK  [0m] Mounted Debug File System.
[   11.488510] systemd[1]: Started Journal Service.
[[0;32m  OK  [0m] Started Journal Service.
[[0;32m  OK  [0m] Started Remount Root and Kernel File Systems.
[[0;32m  OK  [0m] Started Uncomplicated firewall.
[[0;32m  OK  [0m] Started Create list of required sta...ce nodes for the current kernel.
         Starting Create Static Device Nodes in /dev...
         Starting udev Coldplug all Devices...
         Starting Load/Save Random Seed...
         Starting Flush Journal to Persistent Storage...
[[0;32m  OK  [0m] Started Load/Save Random Seed.
[   11.988369] iscsi: registered transport (tcp)
[   12.031025] systemd-journald[374]: Received request to flush runtime journal from PID 1
[[0;32m  OK  [0m] Started Flush Journal to Persistent Storage.
[[0;32m  OK  [0m] Started Create Static Device Nodes in /dev.
         Starting udev Kernel Device Manager...
[[0;32m  OK  [0m] Started Nameserver information manager.
[[0;32m  OK  [0m] Started udev Kernel Device Manager.
[   12.531038] iscsi: registered transport (iser)
[[0;32m  OK  [0m] Started LVM2 metadata daemon.
[[0;32m  OK  [0m] Started Load Kernel Modules.
         Starting Apply Kernel Variables...
         Mounting FUSE Control File System...
[[0;32m  OK  [0m] Mounted FUSE Control File System.
[[0;32m  OK  [0m] Started Apply Kernel Variables.
[[0;32m  OK  [0m] Started Set console keymap.
[[0;32m  OK  [0m] Started udev Coldplug all Devices.
[[0;32m  OK  [0m] Started Dispatch Password Requests to Console Directory Watch.
[[0;32m  OK  [0m] Started Monitoring of LVM2 mirrors,...ng dmeventd or progress polling.
[[0;32m  OK  [0m] Reached target Local File Systems (Pre).
[[0;32m  OK  [0m] Reached target Local File Systems.
         Starting Initial cloud-init job (pre-networking)...
         Starting Create Volatile Files and Directories...
         Starting Tell Plymouth To Write Out Runtime Data...
         Starting Commit a transient machine-id on disk...
         Starting Set console font and keymap...
         Starting LSB: AppArmor initialization...
[[0;32m  OK  [0m] Started Tell Plymouth To Write Out Runtime Data.
[[0;32m  OK  [0m] Started Commit a transient machine-id on disk.
[[0;32m  OK  [0m] Started Create Volatile Files and Directories.
         Starting Update UTMP about System Boot/Shutdown...
[[0;32m  OK  [0m] Started Update UTMP about System Boot/Shutdown.
[[0;32m  OK  [0m] Found device /dev/ttyS0.
[[0;32m  OK  [0m] Listening on Load/Save RF Kill Switch Status /dev/rfkill Watch.
[   26.889477] cloud-init[490]: Cloud-init v. 20.4.1-0ubuntu1~16.04.1 running 'init-local' at Sun, 31 Jan 2021 14:40:00 +0000. Up 23.70 seconds.[[0;32m  OK  [0m] Started Initial cloud-init job (pre-networking).
[[0;32m  OK  [0m] Reached target Network (Pre).

[[0;32m  OK  [0m] Started Set console font and keymap.
[[0;32m  OK  [0m] Created slice system-getty.slice.
[[0;32m  OK  [0m] Started LSB: AppArmor initialization.
         Starting Raise network interfaces...
         Starting Load AppArmor profiles managed internally by snapd...
[[0;32m  OK  [0m] Started Load AppArmor profiles managed internally by snapd.
[[0;32m  OK  [0m] Started Raise network interfaces.
         Starting Initial cloud-init job (metadata service crawler)...
[[0;32m  OK  [0m] Reached target Network.
[   38.014756] cloud-init[976]: Cloud-init v. 20.4.1-0ubuntu1~16.04.1 running 'init' at Sun, 31 Jan 2021 14:40:13 +0000. Up 36.12 seconds.
[   38.025128] cloud-init[976]: ci-info: ++++++++++++++++++++++++++++++++++++++Net device info++++++++++++++++++++++++++++++++++++++
[   38.033396] cloud-init[976]: ci-info: +--------+-------+---------------------------+---------------+--------+-------------------+
[   38.042138] cloud-init[976]: ci-info: | Device |   Up  |          Address          |      Mask     | Scope  |     Hw-Address    |
[   38.056574] cloud-init[976]: ci-info: +--------+-------+---------------------------+---------------+--------+-------------------+
[   38.065399] cloud-init[976]: ci-info: | enp0s3 |  True |         10.0.2.15         | 255.255.255.0 | global | 02:ee:09:05:8f:3e |
[   38.077255] cloud-init[976]: ci-info: | enp0s3 |  True | fe80::ee:9ff:fe05:8f3e/64 |       .       |  link  | 02:ee:09:05:8f:3e |
[   38.085011] cloud-init[976]: ci-info: | enp0s8 | False |             .             |       .       |   .    | 08:00:27:b0:40:09 |
[   38.092987] cloud-init[976]: ci-info: |   lo   |  True |         127.0.0.1         |   255.0.0.0   |  host  |         .         |
[   38.105459] cloud-init[976]: ci-info: |   lo   |  True |          ::1/128          |       .       |  host  |         .         |
[   38.113296] cloud-init[976]: ci-info: +--------+-------+---------------------------+---------------+--------+-------------------+
[   38.121473] cloud-init[976]: ci-info: +++++++++++++++++++++++++++Route IPv4 info++++++++++++++++++++++++++++
[   38.129291] cloud-init[976]: ci-info: +-------+-------------+----------+---------------+-----------+-------+
[   38.138489] cloud-init[976]: ci-info: | Route | Destination | Gateway  |    Genmask    | Interface | Flags |
[   38.149540] cloud-init[976]: ci-info: +-------+-------------+----------+---------------+-----------+-------+
[   38.157198] cloud-init[976]: ci-info: |   0   |   0.0.0.0   | 10.0.2.2 |    0.0.0.0    |   enp0s3  |   UG  |
[   38.164995] cloud-init[976]: ci-info: |   1   |   10.0.2.0  | 0.0.0.0  | 255.255.255.0 |   enp0s3  |   U   |
[   38.172978] cloud-init[976]: ci-info: +-------+-------------+----------+---------------+-----------+-------+
[   38.180590] cloud-init[976]: ci-info: +++++++++++++++++++Route IPv6 info+++++++++++++++++++
[   38.189173] cloud-init[976]: ci-info: +-------+-------------+---------+-----------+-------+
[   38.198281] cloud-init[976]: ci-info: | Route | Destination | Gateway | Interface | Flags |
[   38.206421] cloud-init[976]: ci-info: +-------+-------------+---------+-----------+-------+
[   38.213221] cloud-init[976]: ci-info: |   0   |  fe80::/64  |    ::   |   enp0s3  |   U   |
[   38.220757] cloud-init[976]: ci-info: |   4   |   ff00::/8  |    ::   |   enp0s3  |   U   |
[   38.228846] cloud-init[976]: ci-info: +-------+-------------+---------+-----------+-------+
[[0;32m  OK  [0m] Started Initial cloud-init job (metadata service crawler).
[   38.237030] cloud-init[976]: Generating public/private rsa key pair.
[   38.239311] cloud-init[[0;32m  OK  [0m] Reached target Network is Online.
         [976]: Your identification has been saved in /etc/ssh/ssh_host_rsa_key.
[   38.247545] cloud-initStarting iSCSI initiator daemon (iscsid)...
[[0;32m  OK  [0m] Reached target System Initialization.
[976]: Your public key has been saved in /etc/ssh/ssh_host_rsa_key.pub.
[[0;32m  OK  [0m] Started ACPI Events Check.
[[0;32m  OK  [0m] Reached target Paths.
[[0;32m  OK  [0m] Listening on UUID daemon activation socket.
[   38.255862] cloud-init[976]: The key fingerprint is:
         Starting LXD - unix socket.
[   38.275548] [[0;32m  OK  [0m] Listening on D-Bus System Message Bus Socket.
[[0;32m  OK  [0m] Started Daily Cleanup of Temporary Directories.
cloud-init[976]: SHA256:i2Q7x0AdXu6qBS1lLuubcal9/33/+4+8SBW2KZTFLUA root@ubuntu-xenial
[   38.286744] cloud-init[976]: The key's randomart image is:[[0;32m  OK  [0m] Listening on ACPID Listen Socket.
         Starting Socket activation for snappy daemon.

[[0;32m  OK  [0m] Started Daily apt download activities.
[   38.301056] cloud-init[976]: +---[RSA 2048]----+
[[0;32m  OK  [0m] [   38.308721] cloud-init[976]: |        . ..Eo.. |
[   38.311243] cloud-initStarted Daily apt upgrade and clean activities.
[[0;32m  OK  [0m] Started Message of the Day.[976]: |       o +   oo .|
[   38.318095] cloud-init[976]: |      . = . o o. |
[[0;32m  OK  [0m] Reached target Timers.
[[0;32m  OK  [0m
[   38.324937] cloud-init[976]: |     . = . . . + |
[   38.328048] ] Reached target Cloud-config availability.
cloud-init[976]: |      B S . . +  |
[   38.338070] cloud-init[976]: |     o X +   o   |
[[0;32m  OK  [0m] Listening on LXD - unix socket.
[   38.345172] [[0;32m  OK  [0mcloud-init[976]: |      * O   .    |] Listening on Socket activation for snappy daemon.
[[0;32m  OK  [0m
[   38.362846] ] Reached target Sockets.
[[0;32m  OK  [0mcloud-init[976]: ] Reached target Basic System.
|     . @  .. o o.|
         Starting Pollinate to seed the pseudo random number generator...[   38.382602] cloud-init[976]: |      *... .o.=o&|
[   38.389383] cloud-init[976]: +----[SHA256]-----+

[[0;32m  OK  [0m] Started Deferred execution scheduler.
         Starting Login Service...[   38.398173] cloud-init[976]: Generating public/private dsa key pair.
         Starting System Logging Service...

         Starting LXD - container startup/shutdown...[   38.456866] cloud-init[976]: Your identification has been saved in /etc/ssh/ssh_host_dsa_key.
         Starting /etc/rc.local Compatibility...
[[0;32m  OK  [0m] Started Regular background program processing daemon.
[[0;32m  OK  [0m] Started D-Bus System Message Bus.

[   38.548915] cloud-init[976]: Your public key has been saved in /etc/ssh/ssh_host_dsa_key.pub.
[   38.582927] cloud-init[976]: The key fingerprint is:
[   38.600252] cloud-init[976]: SHA256:Dg5ZvEQc7HqhtP9ddIDBHxIbHXTXcM67MfsLvkSzP1o root@ubuntu-xenial
[   38.623932] cloud-init[976]: The key's randomart image is:
[   38.653135] cloud-init[976]: +---[DSA 1024]----+
[   38.672908] cloud-init[976]: |     oo. .++o.o.+|
[[0;32m  OK  [0m] Started ACPI event daemon.
[   38.706730] cloud-init         Starting LSB: MD monitoring daemon...
[976]: |     oo   o=o. =.|
         Starting Snap Daemon...
[[0;32m  OK  [0m] Started FUSE filesystem for LXC.
         Starting LSB: Record successful boot for GRUB...
         Starting Virtualbox guest utils...
[   38.773856] cloud-init[976]: |     .+   oo..  o|
         Starting Accounts Service...
[[0;32m  OK  [0m] Started System Logging Service.
[[0;32m  OK  [0m] Started iSCSI initiator daemon (iscsid).
[[0;32m  OK  [0m] Started /etc/rc.local Compatibility.
         Starting Login to default iSCSI targets...
[[0;32m  OK  [0m] Started Login Service.
[[0;32m  OK  [0m] Started Unattended Upgrades Shutdown.
[   38.878751] cloud-init[976]: |    .+o.    ..  .|
[   38.970958] cloud-init[976]: |   .o+o.S   .o.+ |
[   39.026531] cloud-init[[0;32m  OK  [0m] Started Login to default iSCSI targets.
[[0;32m  OK  [0m] Reached target Remote File Systems (Pre).
[[0;32m  OK  [0m] Reached target Remote File Systems.
         Starting LSB: automatic crash report generation...
[976]: |    +o.o   ...o =|         Starting LSB: Set the CPU Frequency Scaling governor to "ondemand"...
         Starting Permit User Sessions...
         Starting LSB: daemon to balance interrupts for SMP systems...

[[0;32m  OK  [0m] Started Permit User Sessions.
[[0;32m  OK  [0m] Started LXD - container startup/shutdown.
[   39.156399] cloud-init[976]: |     o. .   .+ E |
         Starting Terminate Plymouth Boot Screen...
         Starting Hold until boot process finishes up...
[[0;32m  OK  [0m] Started Terminate Plymouth Boot Screen.
[[0;32m  OK  [0m] Started Hold until boot process finishes up.
[   39.225238] cloud-init[976]: |      .  . .o +..|
         Starting Set console scheme...
[[0;32m  OK  [0m] Started Serial Getty on ttyS0.
[[0;32m  OK  [0m] Started Getty on tty1.
[[0;32m  OK  [0m] Reached target Login Prompts.
[[0;32m  OK  [0m] Started Set console scheme.
[   39.290517] cloud-init[976]: |       .. .  +oo+|
[   39.327607] cloud-init[976]: +----[SHA256]-----+
[[0;32m  OK  [0m[   39.401153] ] Started LSB: MD monitoring daemon.
cloud-init[976]: Generating public/private ecdsa key pair.
[[0;32m  OK  [0m] Started LSB: Record successful boot for GRUB.
[   39.448363] cloud-init[976]: Your identification has been saved in /etc/ssh/ssh_host_ecdsa_key.
[[0;32m  OK  [0m] Started LSB: Set the CPU Frequency Scaling governor to "ondemand".
[   39.488355] cloud-init[976]: Your public key has been saved in /etc/ssh/ssh_host_ecdsa_key.pub.
         Starting Authenticate and Authorize Users to Run Privileged Tasks...
[   39.536533] cloud-init[976]: The key fingerprint is:[[0;32m  OK  [0m] Started LSB: daemon to balance interrupts for SMP systems.

[   39.600402] cloud-init[976]: SHA256:RJUA7S9+eecefvJEPik4MR7nG3vJAbODcp0quv7TPjw root@ubuntu-xenial
[[0;32m  OK  [0m] Started LSB: automatic crash report generation.
[   39.645825] cloud-init[976]: The key's randomart image is:
[[0;32m  OK  [0m] Started Authenticate and Authorize Users to Run Privileged Tasks.
[   39.694318] cloud-init[[0;32m  OK  [0m] Started Accounts Service.
[976]: +---[ECDSA 256]---+
[   39.721877] cloud-init[976]: |      .ooo..     |
[   39.747046] cloud-init[976]: |       .. .      |
[   39.764550] cloud-init[976]: |       ..        |
[   39.787998] cloud-init[976]: |       ..    o   |
[   39.796399] cloud-init[976]: |        S. +o.= .|
[   39.809253] cloud-init[976]: |        ..ooB= +.|
[   39.828276] cloud-init[976]: |       . .==.++o=|
[   39.853830] cloud-init[976]: |        .ooEo.B*o|
[   39.866664] cloud-init[976]: |      .++o+oo*=+.|
[   39.884199] cloud-init[976]: +----[SHA256]-----+
[   39.904834] cloud-init[976]: Generating public/private ed25519 key pair.
[   39.923571] cloud-init[976]: Your identification has been saved in /etc/ssh/ssh_host_ed25519_key.
[   39.946744] cloud-init[976]: Your public key has been saved in /etc/ssh/ssh_host_ed25519_key.pub.
[   39.965766] cloud-init[976]: The key fingerprint is:
[   39.988760] cloud-init[976]: SHA256:bOskWEk1SXP/vb+Bz+IbGGmma7zvwxTjko5lon26uqo root@ubuntu-xenial
[   40.003712] cloud-init[976]: The key's randomart image is:
[[0;32m  OK  [0m] Started Virtualbox guest utils.
[   40.023618] cloud-init[976]: +--[ED25519 256]--+
[   40.042925] cloud-init[976]: |       .=..      |
[   40.054367] cloud-init[976]: |       ..+ .     |
[   40.076646] cloud-init[976]: |      .     .    |
[   40.085715] cloud-init[976]: |     . o   o.. . |
[   40.091836] cloud-init[976]: |      o S o=o . .|
[   40.105376] cloud-init[976]: |     o o *+oo . .|
[   40.109997] cloud-init[976]: |    . + X.+. o o |
[   40.122931] cloud-init[976]: |     . * =.o .+ o|
[   40.135921] cloud-init[976]: | E...ooo*o+oooo+o|
[   40.141196] cloud-init[976]: +----[SHA256]-----+
[[0;32m  OK  [0m] Started Snap Daemon.
         Starting Wait until snapd is fully seeded...
[[0;32m  OK  [0m] Started Pollinate to seed the pseudo random number generator.
         Starting OpenBSD Secure Shell server...
[[0;32m  OK  [0m] Started OpenBSD Secure Shell server.
[[0;32m  OK  [0m] Created slice User Slice of vagrant.
[[0;32m  OK  [0m] Started Session 1 of user vagrant.
         Starting User Manager for UID 1000...
[[0;32m  OK  [0m] Started User Manager for UID 1000.

Ubuntu 16.04.7 LTS ubuntu-xenial ttyS0

ubuntu-xenial login: [   49.320224] cloud-init[1435]: Generating locales (this might take a while)...
[   57.269417] cloud-init[1435]:   en_US.UTF-8... done
[   57.276449] cloud-init[1435]: Generation complete.
[   59.194045] cloud-init[1435]: Cloud-init v. 20.4.1-0ubuntu1~16.04.1 running 'modules:config' at Sun, 31 Jan 2021 14:40:25 +0000. Up 48.31 seconds.
ci-info: no authorized SSH keys fingerprints found for user ubuntu.
<14>Jan 31 14:40:39 ec2: 
<14>Jan 31 14:40:39 ec2: #############################################################
<14>Jan 31 14:40:39 ec2: -----BEGIN SSH HOST KEY FINGERPRINTS-----
<14>Jan 31 14:40:39 ec2: 1024 SHA256:Dg5ZvEQc7HqhtP9ddIDBHxIbHXTXcM67MfsLvkSzP1o root@ubuntu-xenial (DSA)
<14>Jan 31 14:40:39 ec2: 256 SHA256:RJUA7S9+eecefvJEPik4MR7nG3vJAbODcp0quv7TPjw root@ubuntu-xenial (ECDSA)
<14>Jan 31 14:40:39 ec2: 256 SHA256:bOskWEk1SXP/vb+Bz+IbGGmma7zvwxTjko5lon26uqo root@ubuntu-xenial (ED25519)
<14>Jan 31 14:40:39 ec2: 2048 SHA256:i2Q7x0AdXu6qBS1lLuubcal9/33/+4+8SBW2KZTFLUA root@ubuntu-xenial (RSA)
<14>Jan 31 14:40:39 ec2: -----END SSH HOST KEY FINGERPRINTS-----
<14>Jan 31 14:40:39 ec2: #############################################################
-----BEGIN SSH HOST KEY KEYS-----
ecdsa-sha2-nistp256 AAAAE2VjZHNhLXNoYTItbmlzdHAyNTYAAAAIbmlzdHAyNTYAAABBBHhJ7rR6ILVi5jFt4wQQFINguA3QnXxD8risp0HDde3a+4cA0bUoQ/l/s0aK7puR1eR83jgYJp4/fdyoY7EFd+Y= root@ubuntu-xenial
ssh-ed25519 AAAAC3NzaC1lZDI1NTE5AAAAIOxXS9zdrHqaSawPzZRzSZMlvzNyJ4wcQY48CgzN9seO root@ubuntu-xenial
ssh-rsa AAAAB3NzaC1yc2EAAAADAQABAAABAQDsr2BLTo8P3wuI6R5s4UTK/w2ZO/OpXePxqr9B6tWyFizMeMPFbSbn8YQKqGWOParoIStGYZeobpVMTKVQuF2IwGRQzz4n+Hi+nEHWwQGDmw4kGQlbZsJ6dBzGg0ZvAd9yfn88BcE8wnJw9FMbB4SuPPMHxM96Ghg1PNK8xEM5Mhvx62oNmqIHG1XQtlZdeWkrnMtOuTC9/yEo9V/XUfS+E0aChm1ZANbN6J1bz+NJ/HPp6YGmXiYSKKuqQcmFPEklwHcrtR109Jr9fmJTAMYjMqiT56XOhOJ4g0ln9LuqCHP4mWVGWzncK4YZ85+a4dWDA9Ghgg8BU+7KJ3mzChZN root@ubuntu-xenial
-----END SSH HOST KEY KEYS-----
[   62.614509] cloud-init[1777]: Cloud-init v. 20.4.1-0ubuntu1~16.04.1 running 'modules:final' at Sun, 31 Jan 2021 14:40:38 +0000. Up 61.57 seconds.
[   62.628628] cloud-init[1777]: ci-info: no authorized SSH keys fingerprints found for user ubuntu.
[   62.637793] cloud-init[1777]: Cloud-init v. 20.4.1-0ubuntu1~16.04.1 finished at Sun, 31 Jan 2021 14:40:39 +0000. Datasource DataSourceNoCloud [seed=/dev/sdb][dsmode=net].  Up 62.58 seconds
